 Chess
-------
Specify game settings or type 'start' to begin a game with the current settings:
Starting game...
8| R N B Q K B _ R |
7| M M M M M M M M |
6| _ _ _ _ _ _ _ _ |
5| _ _ _ _ _ _ _ _ |
4| _ _ _ m N _ _ _ |
3| _ m _ _ _ _ _ _ |
2| m _ m _ m m m m |
1| r n b q k b n r |
  -----------------
   A B C D E F G H
Enter your move (white player):
8| R N B Q K B _ R |
7| M M M M M M M M |
6| _ _ _ _ _ _ _ _ |
5| _ _ _ _ _ _ _ _ |
4| _ _ _ m N _ _ _ |
3| _ m _ _ _ _ _ m |
2| m _ m _ m m m _ |
1| r n b q k b n r |
  -----------------
   A B C D E F G H
Enter your move (black player):
8| R N B Q K B _ R |
7| M M M M M M M M |
6| _ _ _ _ _ _ _ _ |
5| _ _ _ _ _ _ _ _ |
4| _ _ _ m _ _ _ _ |
3| _ m _ _ _ _ _ m |
2| m _ m _ m N m _ |
1| r n b q k b n r |
  -----------------
   A B C D E F G H
Enter your move (white player):
Exiting...
