 Chess
-------
Specify game settings or type 'start' to begin a game with the current settings:
Game mode is set to 2-player
Starting game...
8| R N B Q K B N R |
7| M M M M M M M M |
6| _ _ _ _ _ _ _ _ |
5| _ _ _ _ _ _ _ _ |
4| _ _ _ _ _ _ _ _ |
3| _ _ _ _ _ _ _ _ |
2| m m m m m m m m |
1| r n b q k b n r |
  -----------------
   A B C D E F G H
Enter your move (white player):
8| R N B Q K B N R |
7| M M M M M M M M |
6| _ _ _ _ _ _ _ _ |
5| _ _ _ _ _ _ _ _ |
4| m _ _ _ _ _ _ _ |
3| _ _ _ _ _ _ _ _ |
2| _ m m m m m m m |
1| r n b q k b n r |
  -----------------
   A B C D E F G H
Enter your move (black player):
8| R N B Q K B N R |
7| M M M M M M _ M |
6| _ _ _ _ _ _ M _ |
5| _ _ _ _ _ _ _ _ |
4| m _ _ _ _ _ _ _ |
3| _ _ _ _ _ _ _ _ |
2| _ m m m m m m m |
1| r n b q k b n r |
  -----------------
   A B C D E F G H
Enter your move (white player):
8| R N B Q K B N R |
7| M M M M M M _ M |
6| _ _ _ _ _ _ M _ |
5| _ _ _ _ _ _ _ _ |
4| m _ _ _ _ _ _ _ |
3| _ m _ _ _ _ _ _ |
2| _ _ m m m m m m |
1| r n b q k b n r |
  -----------------
   A B C D E F G H
Enter your move (black player):
Game saved to: in/14.xml
Enter your move (black player):
Exiting...
