 Chess
-------
Specify game settings or type 'start' to begin a game with the current settings:
Game mode is set to 2-player
Starting game...
8| R N B Q K B N R |
7| M M M M M M M M |
6| _ _ _ _ _ _ _ _ |
5| _ _ _ _ _ _ _ _ |
4| _ _ _ _ _ _ _ _ |
3| _ _ _ _ _ _ _ _ |
2| m m m m m m m m |
1| r n b q k b n r |
  -----------------
   A B C D E F G H
Enter your move (white player):
8| R N B Q K B N R |
7| M M M M M M M M |
6| _ _ _ _ _ _ _ _ |
5| _ _ _ _ _ _ _ _ |
4| _ _ _ _ m _ _ _ |
3| _ _ _ _ _ _ _ _ |
2| m m m m _ m m m |
1| r n b q k b n r |
  -----------------
   A B C D E F G H
Enter your move (black player):
8| R N B Q K B N R |
7| M M M M _ M M M |
6| _ _ _ _ _ _ _ _ |
5| _ _ _ _ M _ _ _ |
4| _ _ _ _ m _ _ _ |
3| _ _ _ _ _ _ _ _ |
2| m m m m _ m m m |
1| r n b q k b n r |
  -----------------
   A B C D E F G H
Enter your move (white player):
8| R N B Q K B N R |
7| M M M M _ M M M |
6| _ _ _ _ _ _ _ _ |
5| _ _ _ _ M _ _ _ |
4| _ _ _ _ m m _ _ |
3| _ _ _ _ _ _ _ _ |
2| m m m m _ _ m m |
1| r n b q k b n r |
  -----------------
   A B C D E F G H
Enter your move (black player):
8| R N B Q K B N R |
7| M M M M _ M M M |
6| _ _ _ _ _ _ _ _ |
5| _ _ _ _ _ _ _ _ |
4| _ _ _ _ m M _ _ |
3| _ _ _ _ _ _ _ _ |
2| m m m m _ _ m m |
1| r n b q k b n r |
  -----------------
   A B C D E F G H
Enter your move (white player):
8| R N B Q K B N R |
7| M M M M _ M M M |
6| _ _ _ _ _ _ _ _ |
5| _ _ _ _ _ _ _ _ |
4| _ _ _ _ m M _ _ |
3| _ m _ _ _ _ _ _ |
2| m _ m m _ _ m m |
1| r n b q k b n r |
  -----------------
   A B C D E F G H
Enter your move (black player):
Check: white king is threatened
8| R N B _ K B N R |
7| M M M M _ M M M |
6| _ _ _ _ _ _ _ _ |
5| _ _ _ _ _ _ _ _ |
4| _ _ _ _ m M _ Q |
3| _ m _ _ _ _ _ _ |
2| m _ m m _ _ m m |
1| r n b q k b n r |
  -----------------
   A B C D E F G H
Enter your move (white player):
8| R N B _ K B N R |
7| M M M M _ M M M |
6| _ _ _ _ _ _ _ _ |
5| _ _ _ _ _ _ _ _ |
4| _ _ _ _ m M _ Q |
3| _ m _ _ _ _ m _ |
2| m _ m m _ _ _ m |
1| r n b q k b n r |
  -----------------
   A B C D E F G H
Enter your move (black player):
8| R N B _ K B N R |
7| M M M M _ M M M |
6| _ _ _ _ _ _ _ _ |
5| _ _ _ _ _ _ _ _ |
4| _ _ _ _ m _ _ Q |
3| _ m _ _ _ _ M _ |
2| m _ m m _ _ _ m |
1| r n b q k b n r |
  -----------------
   A B C D E F G H
Enter your move (white player):
8| R N B _ K B N R |
7| M M M M _ M M M |
6| _ _ _ _ _ _ _ _ |
5| _ _ _ _ _ _ _ _ |
4| _ _ _ _ m _ _ Q |
3| _ m _ _ _ _ M m |
2| m _ m m _ _ _ _ |
1| r n b q k b n r |
  -----------------
   A B C D E F G H
Enter your move (black player):
Check: white king is threatened
8| R N B _ K B N R |
7| M M M M _ M M M |
6| _ _ _ _ _ _ _ _ |
5| _ _ _ _ _ _ _ _ |
4| _ _ _ _ m _ _ Q |
3| _ m _ _ _ _ _ m |
2| m _ m m _ _ M _ |
1| r n b q k b n r |
  -----------------
   A B C D E F G H
Enter your move (white player):
8| R N B _ K B N R |
7| M M M M _ M M M |
6| _ _ _ _ _ _ _ _ |
5| _ _ _ _ _ _ _ _ |
4| _ _ _ _ m _ _ Q |
3| _ m _ _ _ _ _ m |
2| m _ m m k _ M _ |
1| r n b q _ b n r |
  -----------------
   A B C D E F G H
Enter your move (black player):
Check: white king is threatened
8| R N B _ K B N R |
7| M M M M _ M M M |
6| _ _ _ _ _ _ _ _ |
5| _ _ _ _ _ _ _ _ |
4| _ _ _ _ Q _ _ _ |
3| _ m _ _ _ _ _ m |
2| m _ m m k _ M _ |
1| r n b q _ b n r |
  -----------------
   A B C D E F G H
Enter your move (white player):
8| R N B _ K B N R |
7| M M M M _ M M M |
6| _ _ _ _ _ _ _ _ |
5| _ _ _ _ _ _ _ _ |
4| _ _ _ _ Q _ _ _ |
3| _ m _ _ _ _ _ m |
2| m _ m m _ k M _ |
1| r n b q _ b n r |
  -----------------
   A B C D E F G H
Enter your move (black player):
Check: white king is threatened
8| R N B _ K _ N R |
7| M M M M _ M M M |
6| _ _ _ _ _ _ _ _ |
5| _ _ B _ _ _ _ _ |
4| _ _ _ _ Q _ _ _ |
3| _ m _ _ _ _ _ m |
2| m _ m m _ k M _ |
1| r n b q _ b n r |
  -----------------
   A B C D E F G H
Enter your move (white player):
8| R N B _ K _ N R |
7| M M M M _ M M M |
6| _ _ _ _ _ _ _ _ |
5| _ _ B _ _ _ _ _ |
4| _ _ _ _ Q _ _ _ |
3| _ m _ _ _ _ k m |
2| m _ m m _ _ M _ |
1| r n b q _ b n r |
  -----------------
   A B C D E F G H
Enter your move (black player):
8| R N B _ K _ _ R |
7| M M M M _ M M M |
6| _ _ _ _ _ _ _ N |
5| _ _ B _ _ _ _ _ |
4| _ _ _ _ Q _ _ _ |
3| _ m _ _ _ _ k m |
2| m _ m m _ _ M _ |
1| r n b q _ b n r |
  -----------------
   A B C D E F G H
Enter your move (white player):
8| R N B _ K _ _ R |
7| M M M M _ M M M |
6| _ _ _ _ _ _ _ N |
5| _ _ B _ _ _ _ _ |
4| _ _ _ _ Q _ _ _ |
3| _ m _ _ _ _ _ m |
2| m _ m m _ _ M k |
1| r n b q _ b n r |
  -----------------
   A B C D E F G H
Enter your move (black player):
8| R N B _ K _ _ R |
7| M M M M _ M M M |
6| _ _ _ _ _ _ _ _ |
5| _ _ B _ _ N _ _ |
4| _ _ _ _ Q _ _ _ |
3| _ m _ _ _ _ _ m |
2| m _ m m _ _ M k |
1| r n b q _ b n r |
  -----------------
   A B C D E F G H
Enter your move (white player):
8| R N B _ K _ _ R |
7| M M M M _ M M M |
6| _ _ _ _ _ _ _ _ |
5| _ _ B _ _ N _ _ |
4| _ _ _ _ Q _ _ m |
3| _ m _ _ _ _ _ _ |
2| m _ m m _ _ M k |
1| r n b q _ b n r |
  -----------------
   A B C D E F G H
Enter your move (black player):
Check: white king is threatened
8| R N B _ K _ _ R |
7| M M M M _ M M M |
6| _ _ _ _ _ _ _ _ |
5| _ _ B _ _ N _ _ |
4| _ _ _ _ _ _ _ Q |
3| _ m _ _ _ _ _ _ |
2| m _ m m _ _ M k |
1| r n b q _ b n r |
  -----------------
   A B C D E F G H
Enter your move (white player):
Exiting...
