 Chess
-------
Specify game settings or type 'start' to begin a game with the current settings:
Game mode is set to 2-player
Starting game...
8| R N B Q K B N R |
7| M M M M M M M M |
6| _ _ _ _ _ _ _ _ |
5| _ _ _ _ _ _ _ _ |
4| _ _ _ _ _ _ _ _ |
3| _ _ _ _ _ _ _ _ |
2| m m m m m m m m |
1| r n b q k b n r |
  -----------------
   A B C D E F G H
Enter your move (white player):
8| R N B Q K B N R |
7| M M M M M M M M |
6| _ _ _ _ _ _ _ _ |
5| _ _ _ _ _ _ _ _ |
4| _ _ _ _ m _ _ _ |
3| _ _ _ _ _ _ _ _ |
2| m m m m _ m m m |
1| r n b q k b n r |
  -----------------
   A B C D E F G H
Enter your move (black player):
8| R N B Q K B N R |
7| M M M M _ M M M |
6| _ _ _ _ M _ _ _ |
5| _ _ _ _ _ _ _ _ |
4| _ _ _ _ m _ _ _ |
3| _ _ _ _ _ _ _ _ |
2| m m m m _ m m m |
1| r n b q k b n r |
  -----------------
   A B C D E F G H
Enter your move (white player):
8| R N B Q K B N R |
7| M M M M _ M M M |
6| _ _ _ _ M _ _ _ |
5| _ _ _ _ _ _ _ _ |
4| _ _ _ m m _ _ _ |
3| _ _ _ _ _ _ _ _ |
2| m m m _ _ m m m |
1| r n b q k b n r |
  -----------------
   A B C D E F G H
Enter your move (black player):
8| R N B Q K B N R |
7| M M M _ _ M M M |
6| _ _ _ _ M _ _ _ |
5| _ _ _ M _ _ _ _ |
4| _ _ _ m m _ _ _ |
3| _ _ _ _ _ _ _ _ |
2| m m m _ _ m m m |
1| r n b q k b n r |
  -----------------
   A B C D E F G H
Enter your move (white player):
8| R N B Q K B N R |
7| M M M _ _ M M M |
6| _ _ _ _ M _ _ _ |
5| _ _ _ M _ _ _ _ |
4| _ _ _ m m _ _ _ |
3| _ _ _ _ _ _ _ _ |
2| m m m n _ m m m |
1| r _ b q k b n r |
  -----------------
   A B C D E F G H
Enter your move (black player):
8| R N B Q K B N R |
7| M M _ _ _ M M M |
6| _ _ _ _ M _ _ _ |
5| _ _ M M _ _ _ _ |
4| _ _ _ m m _ _ _ |
3| _ _ _ _ _ _ _ _ |
2| m m m n _ m m m |
1| r _ b q k b n r |
  -----------------
   A B C D E F G H
Enter your move (white player):
8| R N B Q K B N R |
7| M M _ _ _ M M M |
6| _ _ _ _ M _ _ _ |
5| _ _ M m _ _ _ _ |
4| _ _ _ m _ _ _ _ |
3| _ _ _ _ _ _ _ _ |
2| m m m n _ m m m |
1| r _ b q k b n r |
  -----------------
   A B C D E F G H
Enter your move (black player):
8| R N B Q K B N R |
7| M M _ _ _ M M M |
6| _ _ _ _ _ _ _ _ |
5| _ _ M M _ _ _ _ |
4| _ _ _ m _ _ _ _ |
3| _ _ _ _ _ _ _ _ |
2| m m m n _ m m m |
1| r _ b q k b n r |
  -----------------
   A B C D E F G H
Enter your move (white player):
8| R N B Q K B N R |
7| M M _ _ _ M M M |
6| _ _ _ _ _ _ _ _ |
5| _ _ m M _ _ _ _ |
4| _ _ _ _ _ _ _ _ |
3| _ _ _ _ _ _ _ _ |
2| m m m n _ m m m |
1| r _ b q k b n r |
  -----------------
   A B C D E F G H
Enter your move (black player):
8| R N B Q K _ N R |
7| M M _ _ _ M M M |
6| _ _ _ _ _ _ _ _ |
5| _ _ B M _ _ _ _ |
4| _ _ _ _ _ _ _ _ |
3| _ _ _ _ _ _ _ _ |
2| m m m n _ m m m |
1| r _ b q k b n r |
  -----------------
   A B C D E F G H
Enter your move (white player):
8| R N B Q K _ N R |
7| M M _ _ _ M M M |
6| _ _ _ _ _ _ _ _ |
5| _ _ B M _ _ _ _ |
4| _ _ _ _ _ _ _ _ |
3| _ _ _ _ _ _ _ _ |
2| m m m n n m m m |
1| r _ b q k b _ r |
  -----------------
   A B C D E F G H
Enter your move (black player):
8| R N B _ K _ N R |
7| M M _ _ _ M M M |
6| _ Q _ _ _ _ _ _ |
5| _ _ B M _ _ _ _ |
4| _ _ _ _ _ _ _ _ |
3| _ _ _ _ _ _ _ _ |
2| m m m n n m m m |
1| r _ b q k b _ r |
  -----------------
   A B C D E F G H
Enter your move (white player):
8| R N B _ K _ N R |
7| M M _ _ _ M M M |
6| _ Q _ _ _ _ _ _ |
5| _ _ B M _ _ _ _ |
4| m _ _ _ _ _ _ _ |
3| _ _ _ _ _ _ _ _ |
2| _ m m n n m m m |
1| r _ b q k b _ r |
  -----------------
   A B C D E F G H
Enter your move (black player):
Checkmate! black player wins the game
