 Chess
-------
Specify game settings or type 'start' to begin a game with the current settings:
Game mode is set to 2-player
Starting game...
8| R N B Q K B N R |
7| M M M M M M M M |
6| _ _ _ _ _ _ _ _ |
5| _ _ _ _ _ _ _ _ |
4| _ _ _ _ _ _ _ _ |
3| _ _ _ _ _ _ _ _ |
2| m m m m m m m m |
1| r n b q k b n r |
  -----------------
   A B C D E F G H
Enter your move (white player):
8| R N B Q K B N R |
7| M M M M M M M M |
6| _ _ _ _ _ _ _ _ |
5| _ _ _ _ _ _ _ _ |
4| _ _ _ m _ _ _ _ |
3| _ _ _ _ _ _ _ _ |
2| m m m _ m m m m |
1| r n b q k b n r |
  -----------------
   A B C D E F G H
Enter your move (black player):
8| R _ B Q K B N R |
7| M M M M M M M M |
6| _ _ N _ _ _ _ _ |
5| _ _ _ _ _ _ _ _ |
4| _ _ _ m _ _ _ _ |
3| _ _ _ _ _ _ _ _ |
2| m m m _ m m m m |
1| r n b q k b n r |
  -----------------
   A B C D E F G H
Enter your move (white player):
8| R _ B Q K B N R |
7| M M M M M M M M |
6| _ _ N _ _ _ _ _ |
5| _ _ _ _ _ _ _ _ |
4| _ _ _ m _ b _ _ |
3| _ _ _ _ _ _ _ _ |
2| m m m _ m m m m |
1| r n _ q k b n r |
  -----------------
   A B C D E F G H
Enter your move (black player):
<1,C>
<7,C>*^
<2,D>
<6,D>*
<3,E>
<5,E>*
<3,G>
<5,G>
<6,H>*
Enter your move (black player):
Exiting...
